// Jest Snapshot v1, https://goo.gl/fbAQLP

exports[`Dashboard Page renders the component 1`] = `
<div>
  <div>
    <v-parallax-stub height="180" alt="" src="">
      <v-layout-stub tag="div" wrap="">
        <welcome-stub></welcome-stub>
        <quickview-stub class="hidden-sm-and-down"></quickview-stub>
      </v-layout-stub>
    </v-parallax-stub>
  </div>
  <div class="main-overview">
    <v-layout-stub tag="div" justify-space-around="" wrap="">
      <overviewcard-stub color="accent" elevation="10" fullwidth="true" offset="24">
        <h4 class="title font-weight-light">Pregled realizacije</h4>
        <p class="category d-inline-flex font-weight-light">
          Realizacija periodičnih planova prodaje
        </p>
      </overviewcard-stub>
      <overviewcard-stub color="accent" elevation="10" fullwidth="true" offset="24" icon="fa-chart-line">
        <h4 class="title font-weight-light">Pregled realizacije</h4>
        <p class="category d-inline-flex font-weight-light">
          Realizacija periodičnih planova prodaje
        </p>
      </overviewcard-stub>
      <overviewcard-stub color="accent" elevation="10" fullwidth="true" offset="24" icon="fa-chart-line">
        <h4 class="title font-weight-light">Pregled realizacije</h4>
        <p class="category d-inline-flex font-weight-light">
          Realizacija periodičnih planova prodaje
        </p>
      </overviewcard-stub>
    </v-layout-stub>
  </div>
</div>
`;

exports[`Dashboard Page renders the component with a logged in user 1`] = `
<div>
  <div>
    <v-parallax-stub height="180" alt="" src="">
      <v-layout-stub tag="div" wrap="">
        <welcome-stub></welcome-stub>
        <quickview-stub class="hidden-sm-and-down"></quickview-stub>
      </v-layout-stub>
    </v-parallax-stub>
  </div>
  <div class="main-overview">
    <v-layout-stub tag="div" justify-space-around="" wrap="">
      <overviewcard-stub color="accent" elevation="10" fullwidth="true" offset="24">
        <h4 class="title font-weight-light">Pregled realizacije</h4>
        <p class="category d-inline-flex font-weight-light">
          Realizacija periodičnih planova prodaje
        </p>
      </overviewcard-stub>
      <overviewcard-stub color="accent" elevation="10" fullwidth="true" offset="24" icon="fa-chart-line">
        <h4 class="title font-weight-light">Pregled realizacije</h4>
        <p class="category d-inline-flex font-weight-light">
          Realizacija periodičnih planova prodaje
        </p>
      </overviewcard-stub>
      <overviewcard-stub color="accent" elevation="10" fullwidth="true" offset="24" icon="fa-chart-line">
        <h4 class="title font-weight-light">Pregled realizacije</h4>
        <p class="category d-inline-flex font-weight-light">
          Realizacija periodičnih planova prodaje
        </p>
      </overviewcard-stub>
    </v-layout-stub>
  </div>
</div>
`;
